select e.empno,e.name,d.deptno,d.dname from emp e INNER JOIN dept.d ON e.deptno=d.deptno;
select e.empno,e.name,d.deptno,d.dname from emp e INNER JOIN dept.d ON e.deptno=d.deptno
                                                                  *
ERROR at line 1:
ORA-00942: table or view does not exist 


SQL> SELECT e.empno, e.ename, d.deptno, d.dname
  2  FROM emp e
  3  INNER JOIN dept d
  4  ON e.deptno = d.deptno;

     EMPNO ENAME          DEPTNO DNAME                                          
---------- ---------- ---------- --------------                                 
      7782 CLARK              10 ACCOUNTING                                     
      7839 KING               10 ACCOUNTING                                     
      7934 MILLER             10 ACCOUNTING                                     
      7566 JONES              20 RESEARCH                                       
      7902 FORD               20 RESEARCH                                       
      7876 ADAMS              20 RESEARCH                                       
      7369 SMITH              20 RESEARCH                                       
      7788 SCOTT              20 RESEARCH                                       
      7521 WARD               30 SALES                                          
      7844 TURNER             30 SALES                                          
      7499 ALLEN              30 SALES                                          

     EMPNO ENAME          DEPTNO DNAME                                          
---------- ---------- ---------- --------------                                 
      7900 JAMES              30 SALES                                          
      7698 BLAKE              30 SALES                                          
      7654 MARTIN             30 SALES                                          

14 rows selected.

SQL> select e.name,d.deptno,d.dname from emp e left outer join dept.d on e.deptno=d.deptno;
select e.name,d.deptno,d.dname from emp e left outer join dept.d on e.deptno=d.deptno
                                                               *
ERROR at line 1:
ORA-00942: table or view does not exist 


SQL> 
