select *from tab;

TNAME                          TABTYPE  CLUSTERID                               
------------------------------ ------- ----------                               
DEPT                           TABLE                                            
EMP                            TABLE                                            
STUDENT1                       TABLE                                            
SALGRADE                       TABLE                                            
BIN$siaG9bbkS9Wi2m2eSX5mIg==$0 TABLE                                            
EMPLOYEE                       TABLE                                            
STUD                           TABLE                                            
STUDENT                        TABLE                                            
DEPARTMENT                     TABLE                                            
DEMO                           TABLE                                            
VP                             TABLE                                            

TNAME                          TABTYPE  CLUSTERID                               
------------------------------ ------- ----------                               
REPORT                         TABLE                                            
DEV_T                          TABLE                                            

13 rows selected.

SQL> create table report(order_detalis varchar2(15),order number number(10),order_date date,item varchar2(15),iteam_prince number(10),discount number(10));
create table report(order_detalis varchar2(15),order number number(10),order_date date,item varchar2(15),iteam_prince number(10),discount number(10))
                                               *
ERROR at line 1:
ORA-00904: : invalid identifier 


SQL> create table report(order_detalis varchar2(15),order_number number(10),order_date date,item varchar2(15),iteam_prince number(10),discount number(10));
create table report(order_detalis varchar2(15),order_number number(10),order_date date,item varchar2(15),iteam_prince number(10),discount number(10))
             *
ERROR at line 1:
ORA-00955: name is already used by an existing object 


SQL> 
SQL> CREATE TABLE report (
  2      order_details VARCHAR2(15),
  3      order_number  NUMBER(10),
  4      order_date    DATE,
  5      item          VARCHAR2(15),
  6      item_price    NUMBER(10),
  7      discount      NUMBER(10)
  8  );
CREATE TABLE report (
             *
ERROR at line 1:
ORA-00955: name is already used by an existing object 


SQL> create table menu( order_details VARCHAR2(15),
  2   order_number  NUMBER(10),
  3   order_date    DATE,
  4   item          VARCHAR2(15),
  5   item_price    NUMBER(10),
  6   discount      NUMBER(10)
  7  );

Table created.

SQL> desc table menu;
Usage: DESCRIBE [schema.]object[@db_link]
SQL> desc menu;
 Name                                      Null?    Type
 ----------------------------------------- -------- ----------------------------
 ORDER_DETAILS                                      VARCHAR2(15)
 ORDER_NUMBER                                       NUMBER(10)
 ORDER_DATE                                         DATE
 ITEM                                               VARCHAR2(15)
 ITEM_PRICE                                         NUMBER(10)
 DISCOUNT                                           NUMBER(10)

SQL> Total Item Price:
SP2-0734: unknown command beginning "Total Item..." - rest of line ignored.
SQL> 
