DECLARE
  2      n NUMBER := 12;
  3  BEGIN
  4      WHILE n <= 100 LOOP
  5          DBMS_OUTPUT.PUT_LINE(n);
  6          n := n + 20;
  7      END LOOP;
  8  END;
  9  /

PL/SQL procedure successfully completed.

SQL> DECLARE
  2      n NUMBER := 12;
  3  BEGIN
  4      WHILE n <= 100 LOOP
  5          DBMS_OUTPUT.PUT_LINE(n);
  6          n := n + 20;
  7      END LOOP;
  8  END;
  9  /

PL/SQL procedure successfully completed.

SQL> DECLARE
  2      n NUMBER;
  3      i NUMBER := 1;
  4      total NUMBER := 0;
  5  BEGIN
  6      n := &n;
  7  
  8      WHILE i <= n LOOP
  9          total := total + i;
 10          i := i + 3;
 11      END LOOP;
 12  
 13      DBMS_OUTPUT.PUT_LINE('Sum = ' || total);
 14  END;
 15  /
Enter value for n: 2
old   6:     n := &n;
new   6:     n := 2;

PL/SQL procedure successfully completed.

SQL> DECLARE
  2      rollno       NUMBER;
  3      name         VARCHAR2(50);
  4      mark1        NUMBER;
  5      mark2        NUMBER;
  6      mark3        NUMBER;
  7      total        NUMBER;
  8      percentage   NUMBER;
  9      class        VARCHAR2(20);
 10  BEGIN
 11      rollno := &rollno;
 12      name := '&name';
 13      mark1 := &mark1;
 14      mark2 := &mark2;
 15      mark3 := &mark3;
 16  
 17      total := mark1 + mark2 + mark3;
 18      percentage := total / 3;
 19  
 20      IF percentage >= 60 THEN
 21          class := 'First Class';
 22      ELSIF percentage >= 50 THEN
 23          class := 'Second Class';
 24      ELSIF percentage >= 40 THEN
 25          class := 'Third Class';
 26      ELSE
 27          class := 'Fail';
 28      END IF;
 29  
 30      DBMS_OUTPUT.PUT_LINE('Roll No    : ' || rollno);
 31      DBMS_OUTPUT.PUT_LINE('Name       : ' || name);
 32      DBMS_OUTPUT.PUT_LINE('Total      : ' || total);
 33      DBMS_OUTPUT.PUT_LINE('Percentage : ' || percentage || '%');
 34      DBMS_OUTPUT.PUT_LINE('Class      : ' || class);
 35  END;
 36  /
Enter value for rollno: 1
old  11:     rollno := &rollno;
new  11:     rollno := 1;
Enter value for name: raj
old  12:     name := '&name';
new  12:     name := 'raj';
Enter value for mark1: 98
old  13:     mark1 := &mark1;
new  13:     mark1 := 98;
Enter value for mark2: 99
old  14:     mark2 := &mark2;
new  14:     mark2 := 99;
Enter value for mark3: 98
old  15:     mark3 := &mark3;
new  15:     mark3 := 98;

PL/SQL procedure successfully completed.

SQL> DECLARE
  2      n NUMBER := 12;
  3  BEGIN
  4      WHILE n <= 100 LOOP
  5          DBMS_OUTPUT.PUT_LINE(n);
  6          n := n + 20;
  7      END LOOP;
  8  END;
  9  /

PL/SQL procedure successfully completed.

SQL> DECLARE
  2      n NUMBER;
  3      i NUMBER := 1;
  4      sum NUMBER := 0;
  5  BEGIN
  6      n := &n;
  7  
  8      WHILE i <= n LOOP
  9          sum := sum + i;
 10          i := i + 3;
 11      END LOOP;
 12  
 13      DBMS_OUTPUT.PUT_LINE('Sum = ' || sum);
 14  END;
 15  /
Enter value for n: 10
old   6:     n := &n;
new   6:     n := 10;
        sum := sum + i;
                   *
ERROR at line 9:
ORA-06550: line 9, column 20: 
PLS-00103: Encountered the symbol "+" when expecting one of the following: 
( 
ORA-06550: line 13, column 41: 
PLS-00103: Encountered the symbol ")" when expecting one of the following: 
( 


SQL> DECLARE
  2      n NUMBER;
  3      i NUMBER := 1;
  4      sum NUMBER := 0;
  5  BEGIN
  6      n := &n;
  7  
  8      WHILE i <= n LOOP
  9          sum := sum + i;
 10          i := i + 3;
 11      END LOOP;
 12  
 13      DBMS_OUTPUT.PUT_LINE('Sum = ' || sum);
 14  END;
 15  /
Enter value for n: 7
old   6:     n := &n;
new   6:     n := 7;
        sum := sum + i;
                   *
ERROR at line 9:
ORA-06550: line 9, column 20: 
PLS-00103: Encountered the symbol "+" when expecting one of the following: 
( 
ORA-06550: line 13, column 41: 
PLS-00103: Encountered the symbol ")" when expecting one of the following: 
( 


SQL> DECLARE
  2      n NUMBER;
  3      i NUMBER := 1;
  4      total NUMBER := 0;
  5  BEGIN
  6      n := &n;
  7  
  8      WHILE i <= n LOOP
  9          total := total + i;
 10          i := i + 3;
 11      END LOOP;
 12  
 13      DBMS_OUTPUT.PUT_LINE('Sum = ' || total);
 14  END;
 15  /
Enter value for n: 4
old   6:     n := &n;
new   6:     n := 4;

PL/SQL procedure successfully completed.

SQL> DECLARE
  2      n NUMBER;
  3      a NUMBER := 0;
  4      b NUMBER := 1;
  5      c NUMBER;
  6  BEGIN
  7      n := &n;
  8  
  9      DBMS_OUTPUT.PUT(a || ' ' || b || ' ');
 10  
 11      c := a + b;
 12  
 13      WHILE c <= n LOOP
 14          DBMS_OUTPUT.PUT(c || ' ');
 15          a := b;
 16          b := c;
 17          c := a + b;
 18      END LOOP;
 19  
 20      DBMS_OUTPUT.NEW_LINE;
 21  END;
 22  /
Enter value for n: 5
old   7:     n := &n;
new   7:     n := 5;

PL/SQL procedure successfully completed.

SQL> DECLARE
  2      n NUMBER;
  3      i NUMBER := 1;
  4      fact NUMBER := 1;
  5  BEGIN
  6      n := &n;
  7  
  8      WHILE i <= n LOOP
  9          fact := fact * i;
 10          i := i + 1;
 11      END LOOP;
 12  
 13      DBMS_OUTPUT.PUT_LINE('Factorial = ' || fact);
 14  END;
 15  /
Enter value for n: 6
old   6:     n := &n;
new   6:     n := 6;

PL/SQL procedure successfully completed.

SQL> 
