desc employee;
 Name                                      Null?    Type
 ----------------------------------------- -------- ----------------------------
 EMP_ID                                             NUMBER(5)
 EMP_NAME                                           VARCHAR2(15)
 POST                                               VARCHAR2(10)
 MGR_ID                                             NUMBER(5)
 HIRE_DATE                                          DATE
 SALARY                                             NUMBER(6)
 OMMISSION                                          NUMBER(5)
 DEPT_ID                                            NUMBER(2)

SQL> select *from employee;

    EMP_ID EMP_NAME        POST           MGR_ID HIRE_DATE     SALARY  OMMISSION
---------- --------------- ---------- ---------- --------- ---------- ----------
   DEPT_ID                                                                      
----------                                                                      
     12345 BansiPadia      12                 12 18-NOV-90      15000       3000
        10                                                                      
                                                                                
     13254 RadhaSharma     Salesman        12345 25-NOV-90      12000       4000
        20                                                                      
                                                                                
     12675 TanmayDomadiya  President         234 05-JUL-85     124000        654
        10                                                                      
                                                                                

    EMP_ID EMP_NAME        POST           MGR_ID HIRE_DATE     SALARY  OMMISSION
---------- --------------- ---------- ---------- --------- ---------- ----------
   DEPT_ID                                                                      
----------                                                                      
     13457 SurajPrakash    Salesman        12345 12-AUG-92      14650       1700
        30                                                                      
                                                                                
     14567 SeemaLava       Programmer      13654 17-JUL-94      35000         12
        10                                                                      
                                                                                
     16754 Krupavala       programmer      13654 13-AUG-92      30000          1
        10                                                                      
                                                                                

    EMP_ID EMP_NAME        POST           MGR_ID HIRE_DATE     SALARY  OMMISSION
---------- --------------- ---------- ---------- --------- ---------- ----------
   DEPT_ID                                                                      
----------                                                                      
     13654 ParthVasoya     Analyst         12675 27-DEC-95      90000       2000
        10                                                                      
                                                                                
     18654 RameshVasoya    Analyst         12675 15-MAY-93      85000         20
        10                                                                      
                                                                                
     12345 Bansipadia      Clerk                 18-NOV-90     150000           
        10                                                                      
                                                                                

9 rows selected.

SQL> desc department;
 Name                                      Null?    Type
 ----------------------------------------- -------- ----------------------------
 DEPT_NO                                            NUMBER(5)
 DEPART_NAME                                        VARCHAR2(15)
 LOCATION                                           VARCHAR2(15)
 DEPT_ID                                            NUMBER(10)
 DEPT_CONT                                          NUMBER(12)

SQL> select *from  department;

   DEPT_NO DEPART_NAME     LOCATION           DEPT_ID  DEPT_CONT                
---------- --------------- --------------- ---------- ----------                
        10 IT              Anand                                                
        20 Sales           bomabay                                              
        30 Purchase        Surat                                                
        40 Finance         Anand                                                
        50 Marketing       Surat                                                

SQL> create table department (dept_no number (5) not null,dept_id number(10));
create table department (dept_no number (5) not null,dept_id number(10))
             *
ERROR at line 1:
ORA-00955: name is already used by an existing object 


SQL> select *from tab;

TNAME                          TABTYPE  CLUSTERID                               
------------------------------ ------- ----------                               
DEPT                           TABLE                                            
EMP                            TABLE                                            
BONUS                          TABLE                                            
STUDENT                        TABLE                                            
DC                             TABLE                                            
DEPARTMENT                     TABLE                                            
DEMO                           TABLE                                            
EMPLOYEE                       TABLE                                            
VP                             TABLE                                            
REPORT                         TABLE                                            
DEV_T                          TABLE                                            

11 rows selected.

SQL> desc emp;
 Name                                      Null?    Type
 ----------------------------------------- -------- ----------------------------
 EMPNO                                     NOT NULL NUMBER(4)
 ENAME                                              VARCHAR2(10)
 JOB                                                VARCHAR2(9)
 MGR                                                NUMBER(4)
 HIREDATE                                           DATE
 SAL                                                NUMBER(7,2)
 COMM                                               NUMBER(7,2)
 DEPTNO                                             NUMBER(2)

SQL> desc report;
 Name                                      Null?    Type
 ----------------------------------------- -------- ----------------------------
 ORDER_DETAIL                                       VARCHAR2(30)
 ORDER_NO                                           NUMBER(5)
 ORDER_DATE                                         DATE
 ITEM                                               VARCHAR2(15)
 ITEM_PRINCE                                        NUMBER(5)
 DISCOUNT                                           NUMBER(5)

SQL> create table report(order_detail varchar2(30) not null,order_no number(5));
create table report(order_detail varchar2(30) not null,order_no number(5))
             *
ERROR at line 1:
ORA-00955: name is already used by an existing object 


SQL> 
SQL> SELECT object_name, object_type
  2  FROM user_objects
  3  WHERE object_name = UPPER('EMPLOYEE');

OBJECT_NAME                                                                     
--------------------------------------------------------------------------------
OBJECT_TYPE                                                                     
-------------------                                                             
EMPLOYEE                                                                        
TABLE                                                                           
                                                                                

SQL> DROP TABLE EMPLOYEE;

Table dropped.

SQL> CREATE TABLE EMPLOYEE_NEW (
  2      EMP_ID NUMBER
  3  );

Table created.

SQL> CREATE OR REPLACE VIEW EMPLOYEE_VIEW AS
  2  SELECT * FROM EMPLOYEE;
SELECT * FROM EMPLOYEE
              *
ERROR at line 2:
ORA-00942: table or view does not exist 


SQL> SELECT * FROM EMPLOYEE;
SELECT * FROM EMPLOYEE
              *
ERROR at line 1:
ORA-00942: table or view does not exist 


SQL> CREATE TABLE EMPLOYEE (
  2      EMP_ID NUMBER
  3  );

Table created.

SQL> desc employee;
 Name                                      Null?    Type
 ----------------------------------------- -------- ----------------------------
 EMP_ID                                             NUMBER

SQL> 
