select *from salgrade;

     GRADE      LOSAL      HISAL                                                
---------- ---------- ----------                                                
         1        700       1200                                                
         2       1201       1400                                                
         3       1401       2000                                                
         4       2001       3000                                                
         5       3001       9999                                                

SQL> select e,ename,d.dname from emp e CROSS JOIN dept d;
select e,ename,d.dname from emp e CROSS JOIN dept d
       *
ERROR at line 1:
ORA-00904: "E": invalid identifier 


SQL> select e.ename,d.dname from emp e CROSS JOIN dept d;

ENAME      DNAME                                                                
---------- --------------                                                       
SMITH      ACCOUNTING                                                           
ALLEN      ACCOUNTING                                                           
WARD       ACCOUNTING                                                           
JONES      ACCOUNTING                                                           
MARTIN     ACCOUNTING                                                           
BLAKE      ACCOUNTING                                                           
CLARK      ACCOUNTING                                                           
SCOTT      ACCOUNTING                                                           
KING       ACCOUNTING                                                           
TURNER     ACCOUNTING                                                           
ADAMS      ACCOUNTING                                                           

ENAME      DNAME                                                                
---------- --------------                                                       
JAMES      ACCOUNTING                                                           
FORD       ACCOUNTING                                                           
MILLER     ACCOUNTING                                                           
SMITH      RESEARCH                                                             
ALLEN      RESEARCH                                                             
WARD       RESEARCH                                                             
JONES      RESEARCH                                                             
MARTIN     RESEARCH                                                             
BLAKE      RESEARCH                                                             
CLARK      RESEARCH                                                             
SCOTT      RESEARCH                                                             

ENAME      DNAME                                                                
---------- --------------                                                       
KING       RESEARCH                                                             
TURNER     RESEARCH                                                             
ADAMS      RESEARCH                                                             
JAMES      RESEARCH                                                             
FORD       RESEARCH                                                             
MILLER     RESEARCH                                                             
SMITH      SALES                                                                
ALLEN      SALES                                                                
WARD       SALES                                                                
JONES      SALES                                                                
MARTIN     SALES                                                                

ENAME      DNAME                                                                
---------- --------------                                                       
BLAKE      SALES                                                                
CLARK      SALES                                                                
SCOTT      SALES                                                                
KING       SALES                                                                
TURNER     SALES                                                                
ADAMS      SALES                                                                
JAMES      SALES                                                                
FORD       SALES                                                                
MILLER     SALES                                                                
SMITH      OPERATIONS                                                           
ALLEN      OPERATIONS                                                           

ENAME      DNAME                                                                
---------- --------------                                                       
WARD       OPERATIONS                                                           
JONES      OPERATIONS                                                           
MARTIN     OPERATIONS                                                           
BLAKE      OPERATIONS                                                           
CLARK      OPERATIONS                                                           
SCOTT      OPERATIONS                                                           
KING       OPERATIONS                                                           
TURNER     OPERATIONS                                                           
ADAMS      OPERATIONS                                                           
JAMES      OPERATIONS                                                           
FORD       OPERATIONS                                                           

ENAME      DNAME                                                                
---------- --------------                                                       
MILLER     OPERATIONS                                                           

56 rows selected.

SQL> select *from emp NATURAL JOIN dept;

    DEPTNO      EMPNO ENAME      JOB              MGR HIREDATE         SAL      
---------- ---------- ---------- --------- ---------- --------- ----------      
      COMM DNAME          LOC                                                   
---------- -------------- -------------                                         
        10       7782 CLARK      MANAGER         7839 09-JUN-81       2450      
           ACCOUNTING     NEW YORK                                              
                                                                                
        10       7839 KING       PRESIDENT            17-NOV-81       5000      
           ACCOUNTING     NEW YORK                                              
                                                                                
        10       7934 MILLER     CLERK           7782 23-JAN-82       1300      
           ACCOUNTING     NEW YORK                                              
                                                                                

    DEPTNO      EMPNO ENAME      JOB              MGR HIREDATE         SAL      
---------- ---------- ---------- --------- ---------- --------- ----------      
      COMM DNAME          LOC                                                   
---------- -------------- -------------                                         
        20       7566 JONES      MANAGER         7839 02-APR-81       2975      
           RESEARCH       DALLAS                                                
                                                                                
        20       7902 FORD       ANALYST         7566 03-DEC-81       3000      
           RESEARCH       DALLAS                                                
                                                                                
        20       7876 ADAMS      CLERK           7788 23-MAY-87       1100      
           RESEARCH       DALLAS                                                
                                                                                

    DEPTNO      EMPNO ENAME      JOB              MGR HIREDATE         SAL      
---------- ---------- ---------- --------- ---------- --------- ----------      
      COMM DNAME          LOC                                                   
---------- -------------- -------------                                         
        20       7369 SMITH      CLERK           7902 17-DEC-80        800      
           RESEARCH       DALLAS                                                
                                                                                
        20       7788 SCOTT      ANALYST         7566 19-APR-87       3000      
           RESEARCH       DALLAS                                                
                                                                                
        30       7521 WARD       SALESMAN        7698 22-FEB-81       1250      
       500 SALES          CHICAGO                                               
                                                                                

    DEPTNO      EMPNO ENAME      JOB              MGR HIREDATE         SAL      
---------- ---------- ---------- --------- ---------- --------- ----------      
      COMM DNAME          LOC                                                   
---------- -------------- -------------                                         
        30       7844 TURNER     SALESMAN        7698 08-SEP-81       1500      
         0 SALES          CHICAGO                                               
                                                                                
        30       7499 ALLEN      SALESMAN        7698 20-FEB-81       1600      
       300 SALES          CHICAGO                                               
                                                                                
        30       7900 JAMES      CLERK           7698 03-DEC-81        950      
           SALES          CHICAGO                                               
                                                                                

    DEPTNO      EMPNO ENAME      JOB              MGR HIREDATE         SAL      
---------- ---------- ---------- --------- ---------- --------- ----------      
      COMM DNAME          LOC                                                   
---------- -------------- -------------                                         
        30       7698 BLAKE      MANAGER         7839 01-MAY-81       2850      
           SALES          CHICAGO                                               
                                                                                
        30       7654 MARTIN     SALESMAN        7698 28-SEP-81       1250      
      1400 SALES          CHICAGO                                               
                                                                                

14 rows selected.

SQL> select distinct e.deptno as department_no,e.ename as employee,m.ename as manager from emp e left join emp m on e.mgr=m.empno order by e.deptno;

DEPARTMENT_NO EMPLOYEE   MANAGER                                                
------------- ---------- ----------                                             
           10 CLARK      KING                                                   
           10 KING                                                              
           10 MILLER     CLARK                                                  
           20 ADAMS      SCOTT                                                  
           20 FORD       JONES                                                  
           20 JONES      KING                                                   
           20 SCOTT      JONES                                                  
           20 SMITH      FORD                                                   
           30 ALLEN      BLAKE                                                  
           30 BLAKE      KING                                                   
           30 JAMES      BLAKE                                                  

DEPARTMENT_NO EMPLOYEE   MANAGER                                                
------------- ---------- ----------                                             
           30 MARTIN     BLAKE                                                  
           30 TURNER     BLAKE                                                  
           30 WARD       BLAKE                                                  

14 rows selected.

SQL> select e.ename,d.deptno,d.dname from emp e LEFT OUTER JOIN dept d on e.deptno=deptno;
select e.ename,d.deptno,d.dname from emp e LEFT OUTER JOIN dept d on e.deptno=deptno
                                                                              *
ERROR at line 1:
ORA-00918: column ambiguously defined 


SQL> select *from tab;

TNAME                          TABTYPE  CLUSTERID                               
------------------------------ ------- ----------                               
DEPT                           TABLE                                            
EMP                            TABLE                                            
SALGRADE                       TABLE                                            
BIN$siaG9bbkS9Wi2m2eSX5mIg==$0 TABLE                                            
EMPLOYEE                       TABLE                                            
STUD                           TABLE                                            
STUDENT                        TABLE                                            
DEPARTMENT                     TABLE                                            
DEMO                           TABLE                                            
VP                             TABLE                                            
REPORT                         TABLE                                            

TNAME                          TABTYPE  CLUSTERID                               
------------------------------ ------- ----------                               
DEV_T                          TABLE                                            

12 rows selected.

SQL> select e.ename,d.deptno,d.dname from emp e LEFT OUTER JOIN dept d on e.deptno=d.deptno;

ENAME          DEPTNO DNAME                                                     
---------- ---------- --------------                                            
MILLER             10 ACCOUNTING                                                
KING               10 ACCOUNTING                                                
CLARK              10 ACCOUNTING                                                
FORD               20 RESEARCH                                                  
ADAMS              20 RESEARCH                                                  
SCOTT              20 RESEARCH                                                  
JONES              20 RESEARCH                                                  
SMITH              20 RESEARCH                                                  
JAMES              30 SALES                                                     
TURNER             30 SALES                                                     
BLAKE              30 SALES                                                     

ENAME          DEPTNO DNAME                                                     
---------- ---------- --------------                                            
MARTIN             30 SALES                                                     
WARD               30 SALES                                                     
ALLEN              30 SALES                                                     

14 rows selected.

SQL> 
SQL> select e.ename,d.deptno,d.dname from emp e RIGHT OUTER JOIN dept d on e.deptno=d.deptno;

ENAME          DEPTNO DNAME                                                     
---------- ---------- --------------                                            
CLARK              10 ACCOUNTING                                                
KING               10 ACCOUNTING                                                
MILLER             10 ACCOUNTING                                                
JONES              20 RESEARCH                                                  
FORD               20 RESEARCH                                                  
ADAMS              20 RESEARCH                                                  
SMITH              20 RESEARCH                                                  
SCOTT              20 RESEARCH                                                  
WARD               30 SALES                                                     
TURNER             30 SALES                                                     
ALLEN              30 SALES                                                     

ENAME          DEPTNO DNAME                                                     
---------- ---------- --------------                                            
JAMES              30 SALES                                                     
BLAKE              30 SALES                                                     
MARTIN             30 SALES                                                     
                   40 OPERATIONS                                                

15 rows selected.

SQL> select e.ename,d.deptno,d.dname from emp e FULL OUTER JOIN dept d on e.deptno=d.deptno;

ENAME          DEPTNO DNAME                                                     
---------- ---------- --------------                                            
MILLER             10 ACCOUNTING                                                
KING               10 ACCOUNTING                                                
CLARK              10 ACCOUNTING                                                
FORD               20 RESEARCH                                                  
ADAMS              20 RESEARCH                                                  
SCOTT              20 RESEARCH                                                  
JONES              20 RESEARCH                                                  
SMITH              20 RESEARCH                                                  
JAMES              30 SALES                                                     
TURNER             30 SALES                                                     
BLAKE              30 SALES                                                     

ENAME          DEPTNO DNAME                                                     
---------- ---------- --------------                                            
MARTIN             30 SALES                                                     
WARD               30 SALES                                                     
ALLEN              30 SALES                                                     
                   40 OPERATIONS                                                

15 rows selected.

SQL> 
