select *from tab;

TNAME                          TABTYPE  CLUSTERID                               
------------------------------ ------- ----------                               
DEPT                           TABLE                                            
EMP                            TABLE                                            
STUDENT1                       TABLE                                            
MENU                           TABLE                                            
SALGRADE                       TABLE                                            
BIN$siaG9bbkS9Wi2m2eSX5mIg==$0 TABLE                                            
EMPLOYEE                       TABLE                                            
STUD                           TABLE                                            
STUDENT                        TABLE                                            
DEPARTMENT                     TABLE                                            
DEMO                           TABLE                                            

TNAME                          TABTYPE  CLUSTERID                               
------------------------------ ------- ----------                               
VP                             TABLE                                            
REPORT                         TABLE                                            
DEV_T                          TABLE                                            

14 rows selected.

SQL> SELECT Emp_name
  2  FROM Emp
  3  WHERE Company = 'InfoSystem Ltd.';
WHERE Company = 'InfoSystem Ltd.'
      *
ERROR at line 3:
ORA-00904: "COMPANY": invalid identifier 


SQL> SELECT *
  2  FROM Emp
  3  WHERE Emp_no NOT IN (
  4      SELECT Emp_no
  5      FROM Emp
  6      WHERE Company = 'InfoSystem Ltd.'
  7  );
WHERE Emp_no NOT IN (
      *
ERROR at line 3:
ORA-00904: "EMP_NO": invalid identifier 


SQL> SELECT *
  2  FROM Emp
  3  WHERE City = 'Mumbai';
WHERE City = 'Mumbai'
      *
ERROR at line 3:
ORA-00904: "CITY": invalid identifier 


SQL> select * from emp;

     EMPNO ENAME      JOB              MGR HIREDATE         SAL       COMM      
---------- ---------- --------- ---------- --------- ---------- ----------      
    DEPTNO                                                                      
----------                                                                      
      7369 SMITH      CLERK           7902 17-DEC-80        800                 
        20                                                                      
                                                                                
      7499 ALLEN      SALESMAN        7698 20-FEB-81       1600        300      
        30                                                                      
                                                                                
      7521 WARD       SALESMAN        7698 22-FEB-81       1250        500      
        30                                                                      
                                                                                

     EMPNO ENAME      JOB              MGR HIREDATE         SAL       COMM      
---------- ---------- --------- ---------- --------- ---------- ----------      
    DEPTNO                                                                      
----------                                                                      
      7566 JONES      MANAGER         7839 02-APR-81       2975                 
        20                                                                      
                                                                                
      7654 MARTIN     SALESMAN        7698 28-SEP-81       1250       1400      
        30                                                                      
                                                                                
      7698 BLAKE      MANAGER         7839 01-MAY-81       2850                 
        30                                                                      
                                                                                

     EMPNO ENAME      JOB              MGR HIREDATE         SAL       COMM      
---------- ---------- --------- ---------- --------- ---------- ----------      
    DEPTNO                                                                      
----------                                                                      
      7782 CLARK      MANAGER         7839 09-JUN-81       2450                 
        10                                                                      
                                                                                
      7788 SCOTT      ANALYST         7566 19-APR-87       3000                 
        20                                                                      
                                                                                
      7839 KING       PRESIDENT            17-NOV-81       5000                 
        10                                                                      
                                                                                

     EMPNO ENAME      JOB              MGR HIREDATE         SAL       COMM      
---------- ---------- --------- ---------- --------- ---------- ----------      
    DEPTNO                                                                      
----------                                                                      
      7844 TURNER     SALESMAN        7698 08-SEP-81       1500          0      
        30                                                                      
                                                                                
      7876 ADAMS      CLERK           7788 23-MAY-87       1100                 
        20                                                                      
                                                                                
      7900 JAMES      CLERK           7698 03-DEC-81        950                 
        30                                                                      
                                                                                

     EMPNO ENAME      JOB              MGR HIREDATE         SAL       COMM      
---------- ---------- --------- ---------- --------- ---------- ----------      
    DEPTNO                                                                      
----------                                                                      
      7902 FORD       ANALYST         7566 03-DEC-81       3000                 
        20                                                                      
                                                                                
      7934 MILLER     CLERK           7782 23-JAN-82       1300                 
        10                                                                      
                                                                                

14 rows selected.

SQL> SELECT *
  2  FROM Emp
  3  WHERE job='clerk';

no rows selected

SQL> CREATE TABLE Item_Master (    Item_id INT PRIMARY KEY,    Item_name VARCHAR(50),    Price DECIMAL(10,2),    Company_Code INT);

Table created.

SQL> INSERT INTO Item_Master VALUES(1, 'Pen', 100, 16),(2, 'Notebook', 250, 16),(3, 'Bag', 550, 18),(4, 'Calculator', 600, 16),(5, 'Bottle', 180, 20),(6, 'Shoes', 450, 16);
INSERT INTO Item_Master VALUES(1, 'Pen', 100, 16),(2, 'Notebook', 250, 16),(3, 'Bag', 550, 18),(4, 'Calculator', 600, 16),(5, 'Bottle', 180, 20),(6, 'Shoes', 450, 16)
                                                 *
ERROR at line 1:
ORA-00933: SQL command not properly ended 


SQL> INSERT INTO Item_Master VALUES(1, 'Pen', 100, 16);

1 row created.

SQL>  INSERT INTO Item_Master VALUES(2, 'Notebook', 250, 16);

1 row created.

SQL> INSERT INTO Item_Master VALUES(3, 'Bag', 550, 18);

1 row created.

SQL> INSERT INTO Item_Master VALUES(4, 'Calculator', 600, 16);

1 row created.

SQL>  INSERT INTO Item_Master VALUES(5, 'Bottle', 180, 20);

1 row created.

SQL>  INSERT INTO Item_Master VALUES(6, 'Shoes', 450, 16);

1 row created.

SQL> desc iteam_master;
ERROR:
ORA-04043: object iteam_master does not exist 


SQL> desc table Iteam_Master;
Usage: DESCRIBE [schema.]object[@db_link]
SQL> SELECT *
  2  FROM Item_Master
  3  WHERE Price BETWEEN 200 AND 600;

   ITEM_ID ITEM_NAME                                               PRICE        
---------- -------------------------------------------------- ----------        
COMPANY_CODE                                                                    
------------                                                                    
         2 Notebook                                                  250        
          16                                                                    
                                                                                
         3 Bag                                                       550        
          18                                                                    
                                                                                
         4 Calculator                                                600        
          16                                                                    
                                                                                

   ITEM_ID ITEM_NAME                                               PRICE        
---------- -------------------------------------------------- ----------        
COMPANY_CODE                                                                    
------------                                                                    
         6 Shoes                                                     450        
          16                                                                    
                                                                                

SQL> select *from iteam_master;
select *from iteam_master
             *
ERROR at line 1:
ORA-00942: table or view does not exist 


SQL> ALTER TABLE  iteam_master RENAME TO master;
ALTER TABLE  iteam_master RENAME TO master
*
ERROR at line 1:
ORA-00942: table or view does not exist 


SQL> RENAME TABLE Item_Master TO Item_Details;
RENAME TABLE Item_Master TO Item_Details
       *
ERROR at line 1:
ORA-00903: invalid table name 


SQL> CREATE TABLE master  (    Item_id INT PRIMARY KEY,    Item_name VARCHAR(50),    Price DECIMAL(10,2),    Company_Code INT);

Table created.

SQL> desc master;
 Name                                      Null?    Type
 ----------------------------------------- -------- ----------------------------
 ITEM_ID                                   NOT NULL NUMBER(38)
 ITEM_NAME                                          VARCHAR2(50)
 PRICE                                              NUMBER(10,2)
 COMPANY_CODE                                       NUMBER(38)

SQL>  INSERT INTO masterVALUES(1, 'Pen', 100, 16);
 INSERT INTO masterVALUES(1, 'Pen', 100, 16)
                          *
ERROR at line 1:
ORA-00928: missing SELECT keyword 


SQL> INSERT INTO master VALUES(1, 'Pen', 100, 16);

1 row created.

SQL>  INSERT INTO master VALUES
  2  (2, 'Notebook', 250, 16);

1 row created.

SQL>  INSERT INTO master VALUES(3, 'Bag', 550, 18);

1 row created.

SQL>  INSERT INTO master VALUES(4, 'Calculator', 600, 16);

1 row created.

SQL> INSERT INTO master VALUES(5, 'Bottle', 180, 20);

1 row created.

SQL> INSERT INTO master VALUES(6, 'Shoes', 450, 16);

1 row created.

SQL> select * from master;

   ITEM_ID ITEM_NAME                                               PRICE        
---------- -------------------------------------------------- ----------        
COMPANY_CODE                                                                    
------------                                                                    
         1 Pen                                                       100        
          16                                                                    
                                                                                
         2 Notebook                                                  250        
          16                                                                    
                                                                                
         3 Bag                                                       550        
          18                                                                    
                                                                                

   ITEM_ID ITEM_NAME                                               PRICE        
---------- -------------------------------------------------- ----------        
COMPANY_CODE                                                                    
------------                                                                    
         4 Calculator                                                600        
          16                                                                    
                                                                                
         5 Bottle                                                    180        
          20                                                                    
                                                                                
         6 Shoes                                                     450        
          16                                                                    
                                                                                

6 rows selected.

SQL> SELECT * FROM master WHERE Price BETWEEN 200 AND 600;

   ITEM_ID ITEM_NAME                                               PRICE        
---------- -------------------------------------------------- ----------        
COMPANY_CODE                                                                    
------------                                                                    
         2 Notebook                                                  250        
          16                                                                    
                                                                                
         3 Bag                                                       550        
          18                                                                    
                                                                                
         4 Calculator                                                600        
          16                                                                    
                                                                                

   ITEM_ID ITEM_NAME                                               PRICE        
---------- -------------------------------------------------- ----------        
COMPANY_CODE                                                                    
------------                                                                    
         6 Shoes                                                     450        
          16                                                                    
                                                                                

SQL> SELECT AVG(Price) AS Average_Price FROM master WHERE Company_Code = 16;

AVERAGE_PRICE                                                                   
-------------                                                                   
          350                                                                   

SQL> SELECT Item_name, Price FROM master WHERE Price = (SELECT MIN(Price)FROM master);

ITEM_NAME                                               PRICE                   
-------------------------------------------------- ----------                   
Pen                                                       100                   

SQL> CREATE TABLE Client (    C_no INT PRIMARY KEY,    C_name VARCHAR(50),    City VARCHAR(50),    State VARCHAR(50),    Post VARCHAR(50),    Salary DECIMAL(10,2));

Table created.

SQL> desc client;
 Name                                      Null?    Type
 ----------------------------------------- -------- ----------------------------
 C_NO                                      NOT NULL NUMBER(38)
 C_NAME                                             VARCHAR2(50)
 CITY                                               VARCHAR2(50)
 STATE                                              VARCHAR2(50)
 POST                                               VARCHAR2(50)
 SALARY                                             NUMBER(10,2)

SQL> INSERT INTO Client VALUES(101, 'Amit', 'Surat', 'Gujarat', 'Manager', 15000);

1 row created.

SQL>  INSERT INTO Client VALUES(102, 'Anita', 'Surat', 'Gujarat', 'Developer', 9000);

1 row created.

SQL> INSERT INTO Client VALUES(103, 'Rakesh', 'Ahmedabad', 'Gujarat', 'Clerk', 8000);\
  2  
SQL>  INSERT INTO Client VALUES(103, 'Rakesh', 'Ahmedabad', 'Gujarat', 'Clerk', 8000);

1 row created.

SQL> INSERT INTO Client VALUES(104, 'Pooja', 'Mumbai', 'Maharashtra', 'Manager', 18000);

1 row created.

SQL> INSERT INTO Client VALUES(105, 'Ajay', 'Surat', 'Gujarat', 'Clerk', 9500);

1 row created.

SQL> INSERT INTO Client VALUES(106, 'Kiran', 'Rajkot', 'Gujarat', 'Developer', 12000);

1 row created.

SQL> select * from client;

      C_NO C_NAME                                                               
---------- --------------------------------------------------                   
CITY                                                                            
--------------------------------------------------                              
STATE                                                                           
--------------------------------------------------                              
POST                                                   SALARY                   
-------------------------------------------------- ----------                   
       101 Amit                                                                 
Surat                                                                           
Gujarat                                                                         
Manager                                                 15000                   
                                                                                

      C_NO C_NAME                                                               
---------- --------------------------------------------------                   
CITY                                                                            
--------------------------------------------------                              
STATE                                                                           
--------------------------------------------------                              
POST                                                   SALARY                   
-------------------------------------------------- ----------                   
       102 Anita                                                                
Surat                                                                           
Gujarat                                                                         
Developer                                                9000                   
                                                                                

      C_NO C_NAME                                                               
---------- --------------------------------------------------                   
CITY                                                                            
--------------------------------------------------                              
STATE                                                                           
--------------------------------------------------                              
POST                                                   SALARY                   
-------------------------------------------------- ----------                   
       103 Rakesh                                                               
Ahmedabad                                                                       
Gujarat                                                                         
Clerk                                                    8000                   
                                                                                

      C_NO C_NAME                                                               
---------- --------------------------------------------------                   
CITY                                                                            
--------------------------------------------------                              
STATE                                                                           
--------------------------------------------------                              
POST                                                   SALARY                   
-------------------------------------------------- ----------                   
       104 Pooja                                                                
Mumbai                                                                          
Maharashtra                                                                     
Manager                                                 18000                   
                                                                                

      C_NO C_NAME                                                               
---------- --------------------------------------------------                   
CITY                                                                            
--------------------------------------------------                              
STATE                                                                           
--------------------------------------------------                              
POST                                                   SALARY                   
-------------------------------------------------- ----------                   
       105 Ajay                                                                 
Surat                                                                           
Gujarat                                                                         
Clerk                                                    9500                   
                                                                                

      C_NO C_NAME                                                               
---------- --------------------------------------------------                   
CITY                                                                            
--------------------------------------------------                              
STATE                                                                           
--------------------------------------------------                              
POST                                                   SALARY                   
-------------------------------------------------- ----------                   
       106 Kiran                                                                
Rajkot                                                                          
Gujarat                                                                         
Developer                                               12000                   
                                                                                

6 rows selected.

SQL> SELECT *
  2  FROM Client
  3  WHERE Post = 'Manager';

      C_NO C_NAME                                                               
---------- --------------------------------------------------                   
CITY                                                                            
--------------------------------------------------                              
STATE                                                                           
--------------------------------------------------                              
POST                                                   SALARY                   
-------------------------------------------------- ----------                   
       101 Amit                                                                 
Surat                                                                           
Gujarat                                                                         
Manager                                                 15000                   
                                                                                

      C_NO C_NAME                                                               
---------- --------------------------------------------------                   
CITY                                                                            
--------------------------------------------------                              
STATE                                                                           
--------------------------------------------------                              
POST                                                   SALARY                   
-------------------------------------------------- ----------                   
       104 Pooja                                                                
Mumbai                                                                          
Maharashtra                                                                     
Manager                                                 18000                   
                                                                                

SQL> SELECT *
  2  FROM Client
  3  WHERE State = 'Gujarat'
  4    AND Salary < 10000;

      C_NO C_NAME                                                               
---------- --------------------------------------------------                   
CITY                                                                            
--------------------------------------------------                              
STATE                                                                           
--------------------------------------------------                              
POST                                                   SALARY                   
-------------------------------------------------- ----------                   
       102 Anita                                                                
Surat                                                                           
Gujarat                                                                         
Developer                                                9000                   
                                                                                

      C_NO C_NAME                                                               
---------- --------------------------------------------------                   
CITY                                                                            
--------------------------------------------------                              
STATE                                                                           
--------------------------------------------------                              
POST                                                   SALARY                   
-------------------------------------------------- ----------                   
       103 Rakesh                                                               
Ahmedabad                                                                       
Gujarat                                                                         
Clerk                                                    8000                   
                                                                                

      C_NO C_NAME                                                               
---------- --------------------------------------------------                   
CITY                                                                            
--------------------------------------------------                              
STATE                                                                           
--------------------------------------------------                              
POST                                                   SALARY                   
-------------------------------------------------- ----------                   
       105 Ajay                                                                 
Surat                                                                           
Gujarat                                                                         
Clerk                                                    9500                   
                                                                                

SQL> SELECT *
  2  FROM Client
  3  WHERE Post IN ('Clerk', 'Manager');

      C_NO C_NAME                                                               
---------- --------------------------------------------------                   
CITY                                                                            
--------------------------------------------------                              
STATE                                                                           
--------------------------------------------------                              
POST                                                   SALARY                   
-------------------------------------------------- ----------                   
       101 Amit                                                                 
Surat                                                                           
Gujarat                                                                         
Manager                                                 15000                   
                                                                                

      C_NO C_NAME                                                               
---------- --------------------------------------------------                   
CITY                                                                            
--------------------------------------------------                              
STATE                                                                           
--------------------------------------------------                              
POST                                                   SALARY                   
-------------------------------------------------- ----------                   
       103 Rakesh                                                               
Ahmedabad                                                                       
Gujarat                                                                         
Clerk                                                    8000                   
                                                                                

      C_NO C_NAME                                                               
---------- --------------------------------------------------                   
CITY                                                                            
--------------------------------------------------                              
STATE                                                                           
--------------------------------------------------                              
POST                                                   SALARY                   
-------------------------------------------------- ----------                   
       104 Pooja                                                                
Mumbai                                                                          
Maharashtra                                                                     
Manager                                                 18000                   
                                                                                

      C_NO C_NAME                                                               
---------- --------------------------------------------------                   
CITY                                                                            
--------------------------------------------------                              
STATE                                                                           
--------------------------------------------------                              
POST                                                   SALARY                   
-------------------------------------------------- ----------                   
       105 Ajay                                                                 
Surat                                                                           
Gujarat                                                                         
Clerk                                                    9500                   
                                                                                

SQL> SELECT *
  2  FROM Client
  3  WHERE Post = 'Developer';

      C_NO C_NAME                                                               
---------- --------------------------------------------------                   
CITY                                                                            
--------------------------------------------------                              
STATE                                                                           
--------------------------------------------------                              
POST                                                   SALARY                   
-------------------------------------------------- ----------                   
       102 Anita                                                                
Surat                                                                           
Gujarat                                                                         
Developer                                                9000                   
                                                                                

      C_NO C_NAME                                                               
---------- --------------------------------------------------                   
CITY                                                                            
--------------------------------------------------                              
STATE                                                                           
--------------------------------------------------                              
POST                                                   SALARY                   
-------------------------------------------------- ----------                   
       106 Kiran                                                                
Rajkot                                                                          
Gujarat                                                                         
Developer                                               12000                   
                                                                                

SQL> SELECT *
  2  FROM Client
  3  WHERE City = 'Surat'
  4    AND C_name LIKE 'A%';

      C_NO C_NAME                                                               
---------- --------------------------------------------------                   
CITY                                                                            
--------------------------------------------------                              
STATE                                                                           
--------------------------------------------------                              
POST                                                   SALARY                   
-------------------------------------------------- ----------                   
       101 Amit                                                                 
Surat                                                                           
Gujarat                                                                         
Manager                                                 15000                   
                                                                                

      C_NO C_NAME                                                               
---------- --------------------------------------------------                   
CITY                                                                            
--------------------------------------------------                              
STATE                                                                           
--------------------------------------------------                              
POST                                                   SALARY                   
-------------------------------------------------- ----------                   
       102 Anita                                                                
Surat                                                                           
Gujarat                                                                         
Developer                                                9000                   
                                                                                

      C_NO C_NAME                                                               
---------- --------------------------------------------------                   
CITY                                                                            
--------------------------------------------------                              
STATE                                                                           
--------------------------------------------------                              
POST                                                   SALARY                   
-------------------------------------------------- ----------                   
       105 Ajay                                                                 
Surat                                                                           
Gujarat                                                                         
Clerk                                                    9500                   
                                                                                

SQL> CREATE TABLE StudentrajRollno INT PRIMARY KEY,    Name VARCHAR(50),    City VARCHAR(50),    Address VARCHAR(100),    DOB DATE,    Age INT,    Class VARCHAR(20),    MobileNo VARCHAR(15));
CREATE TABLE StudentrajRollno INT PRIMARY KEY,    Name VARCHAR(50),    City VARCHAR(50),    Address VARCHAR(100),    DOB DATE,    Age INT,    Class VARCHAR(20),    MobileNo VARCHAR(15))
                              *
ERROR at line 1:
ORA-00922: missing or invalid option 


SQL> CREATE TABLE Studentraj ( Rollno INT PRIMARY KEY,    Name VARCHAR(50),    City VARCHAR(50),    Address VARCHAR(100),    DOB DATE,    Age INT,    Class VARCHAR(20),    MobileNo VARCHAR(15));

Table created.

SQL> desc studentraj;
 Name                                      Null?    Type
 ----------------------------------------- -------- ----------------------------
 ROLLNO                                    NOT NULL NUMBER(38)
 NAME                                               VARCHAR2(50)
 CITY                                               VARCHAR2(50)
 ADDRESS                                            VARCHAR2(100)
 DOB                                                DATE
 AGE                                                NUMBER(38)
 CLASS                                              VARCHAR2(20)
 MOBILENO                                           VARCHAR2(15)

SQL> INSERT INTO Studentraj values(1, 'Amit', 'Rajkot', 'Street 1', '2008-05-10', 18, 'Sem-1', '9876543210');
INSERT INTO Studentraj values(1, 'Amit', 'Rajkot', 'Street 1', '2008-05-10', 18, 'Sem-1', '9876543210')
                                                               *
ERROR at line 1:
ORA-01861: literal does not match format string 


SQL> 
